../Core/Src/main.c:33:5:main	8	static
../Core/Src/main.c:61:6:HAL_TIM_PeriodElapsedCallback	16	static
../Core/Src/main.c:68:6:LED_Manager	16	static
../Core/Src/main.c:111:6:GPIO_Init	56	static
../Core/Src/main.c:150:7:HAL_CAN_TxMailbox0CompleteCallback	16	static
../Core/Src/main.c:156:6:Send_response	40	static
../Core/Src/main.c:175:6:HAL_CAN_TxMailbox1CompleteCallback	16	static
../Core/Src/main.c:180:6:HAL_CAN_TxMailbox2CompleteCallback	16	static
../Core/Src/main.c:185:6:HAL_CAN_RxFifo0MsgPendingCallback	104	static
../Core/Src/main.c:219:6:HAL_CAN_ErrorCallback	16	static
../Core/Src/main.c:226:6:TIMER6_Init	8	static
../Core/Src/main.c:241:6:CAN_TransmitLED	40	static
../Core/Src/main.c:263:6:SystemClock_Config_HSE	96	static
../Core/Src/main.c:381:6:CAN_Filter_Config	48	static
../Core/Src/main.c:400:6:CAN1_Init	8	static
../Core/Src/main.c:425:6:UART2_Init	8	static
../Core/Src/main.c:440:6:Error_handler	4	static
